Please select session type (standard or admin):
Logged in as admin
Please enter account holder's name:
Enter the initial balance:
Account successfully created for ABCDEFGHIJKLMNOPQRST with account number 00005
Logged out