Please select session type (standard or admin):
Logged in as admin
Please enter account holder's name:
Enter the initial balance:
Input amount is too high. It must be no greater than $99999.99
Logged out