Please select session type (standard or admin):
Logged in as admin
Please enter account holder's name:
Enter the account number:
Enter the payee company:
Enter the amount to pay:
$0.90 payed to EC
Logged out