Please select session type (standard or admin):
Logged in as admin
Please enter account holder's name:
Enter the account number:
Enter the payee company:
Enter the amount to pay:
Invalid amount input
Please enter account holder's name:
Enter the account number:
Enter the payee company:
Enter the amount to pay:
Invalid amount input
Logged out