Please select session type (standard or admin):
Please enter your name:
Logged in as Account Full
Enter the account number:
Enter the amount to withdraw:
You can only withdraw amount up to $500.00 on standard account
Logged out