Please select session type (standard or admin):
Logged in as admin
Please enter account holder's name:
Enter the account number:
Enter the amount to withdraw:
Withdrawal rejected; amount must be in denominations of 5, 10, 20, 50 or 100 
Logged out
