Please select session type (standard or admin):
Please enter your name:
Logged in as Account 1
Enter the account number to transfer from:
Enter the account number to transfer to:
Enter the amount to transfer:
Max transfer amount cannot exceed $1000
Logged out
