Must be logged in before logging out
Must be logged in before logging out
Must be logged in before logging out
Must be logged in before logging out
Must be logged in before logging out
Must be logged in before logging out
Must be logged in before logging out
Must be logged in before logging out
Must be logged in before logging out
Must be logged in before logging out
