Please select session type (standard or admin):
Logged in as admin
Already logged in!
Logged out