Please select session type (standard or admin):
Logged in as admin
Please enter account holder's name:
Enter the account number:
Enter the amount to deposit:
Cannot deposit; Account is full
Logged out