Please select session type (standard or admin):
Please enter your name:
Logged in as Account 1
Enter the account number:
Enter the amount to deposit:
$0.01 deposited to account
Logged out