Please select session type (standard or admin):
Logged in as admin
Please enter account holder's name:
Enter the account number:
Enter the amount to deposit:
$10.00 deposited to account
Logged out
Please select session type (standard or admin):
Logged in as admin
Please enter account holder's name:
Enter the account number:
Enter the amount to withdraw:
Not enough balance!
Please enter account holder's name:
Enter the account number to transfer from:
Enter the account number to transfer to:
Enter the amount to transfer:
$0.01 transfered to account 1
Insufficient funds to cover fees
Please enter account holder's name:
Enter the account number:
Enter the payee company:
Enter the amount to pay:
Not enough balance!
Logged out
