Please select session type (standard or admin):
Logged in as admin
Please enter account holder's name:
Enter the account number:
Enter the amount to deposit:
$0.05 deposited to account 00007
Logged out