Please select session type (standard or admin):
Please enter your name:
Logged in as Empty Student
Enter the account number:
Enter the amount to deposit:
Insufficient funds to cover fees
Logged out
