Please select session type (standard or admin):
Please enter your name:
Logged in as Student Account 1
Enter the account number:
Enter the payee company:
Enter the amount to pay:
Not enough balance!
Logged out