Please select session type (standard or admin):
Please enter your name:
Logged in as Account Full
Enter the account number:
Enter the payee company:
Enter the amount to pay:
$2000.00 payed to EC
Logged out