Please select session type (standard or admin):
Logged in as admin
Please enter account holder's name:
Enter the account number:
Enter the amount to withdraw:
$5.00 withdrawn from account
Logged out