Please select session type (standard or admin):
Logged in as admin
Please enter account holder's name:
Enter the account number to transfer from:
Enter the account number to transfer to:
Invalid Account Number!
Unknown transaction command!
Logged out
