Welcome to the banking system enter session type
enter session type
login accepted
What is your name?
What is your account number?
To which account would you like to transfer?
How much would you like to transfer?
One of the accounts is less than $0.00 can't transfer the money
you have loggedout