Please select session type (standard or admin):
Logged in as admin
Please enter account holder's name:
Enter the account number to transfer from:
Account number is not valid for that account holder
Unknown transaction command!
Logged out
