Please select session type (standard or admin):
Logged in as admin
Please enter account holder's name:
Enter account number:
Account has been successfully disabled
Logged out
