Please select session type (standard or admin):
Please enter your name:
Logged in as Disabled Account
Permission denied. Only admin can use this command
Logged out