Please select session type (standard or admin):
Logged in as admin
Please enter account holder's name:
Enter the account number:
Account has been enabled
Please enter account holder's name:
Enter the account number:
Enter the amount to withdraw:
$5.00 withdrawn from account
Please enter account holder's name:
Enter the account number to transfer from:
Enter the account number to transfer to:
Enter the amount to transfer:
$0.01 transfered to account 1
Please enter account holder's name:
Enter the account number:
Enter the payee company:
Enter the amount to pay:
$0.01 paid to EC
Please enter account holder's name:
Enter the account number:
Enter the amount to deposit:
Cannot deposit; Account is full
Please enter account holder's name:
Enter the account number:
Plan has been changed to Student
Logged out
