Please select session type (standard or admin):
Logged in as admin
Please enter account holder's name:
Account holder's name not found
Logged out