[DEBUG]: FileStreamHelper Constructed
[DEBUG]: FileStreamHelper Constructed
Not logged in! Please login!
