[DEBUG]: FileStreamHelper Constructed
[DEBUG]: FileStreamHelper Constructed
Enter session type: (standard or admin) Logged in as Admin
Already Logged In!
Logging out...
Enter session type: (standard or admin) Logged in as Admin
