[DEBUG]: FileStreamHelper Constructed
[DEBUG]: FileStreamHelper Constructed
Not Logged in! Please login first!
