[DEBUG]: FileStreamHelper Constructed
[DEBUG]: FileStreamHelper Constructed
Enter session type: (standard or admin) Logged in as Admin
Enter Account holder's name: Enter the initial balance: Account creation pending
Logging out...
