[DEBUG]: FileStreamHelper Constructed
[DEBUG]: FileStreamHelper Constructed
Enter session type: (standard or admin) Logged in as Admin
Logging out...
Not Logged in! Please login first!
Not Logged in! Please login first!
Not logged in! Please login!
Not Logged in! Please login first!
Enter session type: (standard or admin) Logged in as Admin
Logging out...
Not Logged in! Please login first!
Not Logged in! Please login first!
