[DEBUG]: FileStreamHelper Constructed
[DEBUG]: FileStreamHelper Constructed
Enter session type: (standard or admin) Logged in as Standard
Enter Account Holder's Name: Logging out...
Not Logged in! Please login first!
Not Logged in! Please login first!
