[DEBUG]: FileStreamHelper Constructed
[DEBUG]: FileStreamHelper Constructed
Enter session type: (standard or admin) Logged in as Admin
Enter Account holder's name: Enter Account holder's number: [ERROR]: Accounts File Not Found!
Account not found!
Logging out...
Not Logged in! Please login first!
Enter session type: (standard or admin) Logged in as Admin
Enter Account holder's name: Enter Account holder's number: [ERROR]: Accounts File Not Found!
Account not found!
Logging out...
Not logged in! Please login!
Not Logged in! Please login first!
Not Logged in! Please login first!
Not Logged in! Please login first!
Not Logged in! Please login first!
Not Logged in! Please login first!
Not logged in! Please login!
Not Logged in! Please login first!
Not Logged in! Please login first!
Not Logged in! Please login first!
Not Logged in! Please login first!
Not Logged in! Please login first!
Not Logged in! Please login first!
